python -m tools.trainer_planning_arena --config /dev/shm/timing-contract/config-A-tf3090.json
{"comparison": "A-frame_perfect-c5-b0", "games": 32, "target": 128, "wins": 17, "losses": 15, "draws": 0, "censored": 0, "observed_score": 0.53125, "score_bounds": [0.53125, 0.53125], "score_ci": [0.3055421729589836, 0.75], "batch_seconds": 55.98}
{"comparison": "A-frame_perfect-c5-b0", "games": 64, "target": 128, "wins": 34, "losses": 30, "draws": 0, "censored": 0, "observed_score": 0.53125, "score_bounds": [0.53125, 0.53125], "score_ci": [0.3644951711897506, 0.6913061289193079], "batch_seconds": 46.93}
{"comparison": "A-frame_perfect-c5-b0", "games": 96, "target": 128, "wins": 45, "losses": 51, "draws": 0, "censored": 0, "observed_score": 0.46875, "score_bounds": [0.46875, 0.46875], "score_ci": [0.33520529213743105, 0.606925965966701], "batch_seconds": 50.73}
{"comparison": "A-frame_perfect-c5-b0", "games": 128, "target": 128, "wins": 58, "losses": 70, "draws": 0, "censored": 0, "observed_score": 0.453125, "score_bounds": [0.453125, 0.453125], "score_ci": [0.33729447780611965, 0.5742640277994556], "batch_seconds": 55.47}
{"comparison": "A-frame_perfect-c6-b0", "games": 32, "target": 128, "wins": 17, "losses": 15, "draws": 0, "censored": 0, "observed_score": 0.53125, "score_bounds": [0.53125, 0.53125], "score_ci": [0.3055421729589836, 0.75], "batch_seconds": 60.26}
{"comparison": "A-frame_perfect-c6-b0", "games": 64, "target": 128, "wins": 36, "losses": 28, "draws": 0, "censored": 0, "observed_score": 0.5625, "score_bounds": [0.5625, 0.5625], "score_ci": [0.39325591136852417, 0.71875], "batch_seconds": 47.92}
{"comparison": "A-frame_perfect-c6-b0", "games": 96, "target": 128, "wins": 51, "losses": 45, "draws": 0, "censored": 0, "observed_score": 0.53125, "score_bounds": [0.53125, 0.53125], "score_ci": [0.39307403403329894, 0.6647947078625689], "batch_seconds": 54.48}
{"comparison": "A-frame_perfect-c6-b0", "games": 128, "target": 128, "wins": 70, "losses": 58, "draws": 0, "censored": 0, "observed_score": 0.546875, "score_bounds": [0.546875, 0.546875], "score_ci": [0.4257359722005444, 0.6627055221938803], "batch_seconds": 54.98}
{"comparison": "A-frame_perfect-c8-b0", "games": 32, "target": 128, "wins": 8, "losses": 24, "draws": 0, "censored": 0, "observed_score": 0.25, "score_bounds": [0.25, 0.25], "score_ci": [0.0625, 0.494983165355081], "batch_seconds": 56.66}
{"comparison": "A-frame_perfect-c8-b0", "games": 64, "target": 128, "wins": 24, "losses": 40, "draws": 0, "censored": 0, "observed_score": 0.375, "score_bounds": [0.375, 0.375], "score_ci": [0.21875, 0.5474559264692209], "batch_seconds": 49.6}
{"comparison": "A-frame_perfect-c8-b0", "games": 96, "target": 128, "wins": 34, "losses": 62, "draws": 0, "censored": 0, "observed_score": 0.3541666666666667, "score_bounds": [0.3541666666666667, 0.3541666666666667], "score_ci": [0.22916666666666666, 0.4956094298965652], "batch_seconds": 50.32}
{"comparison": "A-frame_perfect-c8-b0", "games": 128, "target": 128, "wins": 46, "losses": 82, "draws": 0, "censored": 0, "observed_score": 0.359375, "score_bounds": [0.359375, 0.359375], "score_ci": [0.25288402291452006, 0.48179149390220566], "batch_seconds": 62.36}
{"comparison": "A-frame_perfect-c6pin-b0", "games": 32, "target": 128, "wins": 17, "losses": 15, "draws": 0, "censored": 0, "observed_score": 0.53125, "score_bounds": [0.53125, 0.53125], "score_ci": [0.3055421729589836, 0.75], "batch_seconds": 62.28}
{"comparison": "A-frame_perfect-c6pin-b0", "games": 64, "target": 128, "wins": 36, "losses": 28, "draws": 0, "censored": 0, "observed_score": 0.5625, "score_bounds": [0.5625, 0.5625], "score_ci": [0.39325591136852417, 0.71875], "batch_seconds": 51.94}
{"comparison": "A-frame_perfect-c6pin-b0", "games": 96, "target": 128, "wins": 51, "losses": 45, "draws": 0, "censored": 0, "observed_score": 0.53125, "score_bounds": [0.53125, 0.53125], "score_ci": [0.39307403403329894, 0.6647947078625689], "batch_seconds": 60.53}
{"comparison": "A-frame_perfect-c6pin-b0", "games": 128, "target": 128, "wins": 70, "losses": 58, "draws": 0, "censored": 0, "observed_score": 0.546875, "score_bounds": [0.546875, 0.546875], "score_ci": [0.4257359722005444, 0.6627055221938803], "batch_seconds": 60.64}
{"comparison": "A-frame_perfect-c8pin-b0", "games": 32, "target": 128, "wins": 8, "losses": 24, "draws": 0, "censored": 0, "observed_score": 0.25, "score_bounds": [0.25, 0.25], "score_ci": [0.0625, 0.494983165355081], "batch_seconds": 62.02}
{"comparison": "A-frame_perfect-c8pin-b0", "games": 64, "target": 128, "wins": 24, "losses": 40, "draws": 0, "censored": 0, "observed_score": 0.375, "score_bounds": [0.375, 0.375], "score_ci": [0.21875, 0.5474559264692209], "batch_seconds": 53.74}
{"comparison": "A-frame_perfect-c8pin-b0", "games": 96, "target": 128, "wins": 34, "losses": 62, "draws": 0, "censored": 0, "observed_score": 0.3541666666666667, "score_bounds": [0.3541666666666667, 0.3541666666666667], "score_ci": [0.22916666666666666, 0.4956094298965652], "batch_seconds": 55.11}
{"comparison": "A-frame_perfect-c8pin-b0", "games": 128, "target": 128, "wins": 46, "losses": 82, "draws": 0, "censored": 0, "observed_score": 0.359375, "score_bounds": [0.359375, 0.359375], "score_ci": [0.25288402291452006, 0.48179149390220566], "batch_seconds": 68.67}
{"comparison": "A-super_human-c5-b0", "games": 32, "target": 128, "wins": 18, "losses": 14, "draws": 0, "censored": 0, "observed_score": 0.5625, "score_bounds": [0.5625, 0.5625], "score_ci": [0.3317855639881244, 0.78125], "batch_seconds": 54.02}
{"comparison": "A-super_human-c5-b0", "games": 64, "target": 128, "wins": 29, "losses": 35, "draws": 0, "censored": 0, "observed_score": 0.453125, "score_bounds": [0.453125, 0.453125], "score_ci": [0.2951013655602621, 0.6211966842761503], "batch_seconds": 48.28}
{"comparison": "A-super_human-c5-b0", "games": 96, "target": 128, "wins": 42, "losses": 54, "draws": 0, "censored": 0, "observed_score": 0.4375, "score_bounds": [0.4375, 0.4375], "score_ci": [0.3070126904065456, 0.5772498258017187], "batch_seconds": 54.5}
{"comparison": "A-super_human-c5-b0", "games": 128, "target": 128, "wins": 54, "losses": 74, "draws": 0, "censored": 0, "observed_score": 0.421875, "score_bounds": [0.421875, 0.421875], "score_ci": [0.3086978247434577, 0.5438996845991676], "batch_seconds": 54.77}
{"comparison": "A-super_human-c6-b0", "games": 32, "target": 128, "wins": 16, "losses": 16, "draws": 0, "censored": 0, "observed_score": 0.5, "score_bounds": [0.5, 0.5], "score_ci": [0.27999563610326506, 0.720004363896735], "batch_seconds": 53.93}
{"comparison": "A-super_human-c6-b0", "games": 64, "target": 128, "wins": 37, "losses": 27, "draws": 0, "censored": 0, "observed_score": 0.578125, "score_bounds": [0.578125, 0.578125], "score_ci": [0.40785430255454214, 0.734375], "batch_seconds": 49.08}
{"comparison": "A-super_human-c6-b0", "games": 96, "target": 128, "wins": 51, "losses": 45, "draws": 0, "censored": 0, "observed_score": 0.53125, "score_bounds": [0.53125, 0.53125], "score_ci": [0.39307403403329894, 0.6647947078625689], "batch_seconds": 54.37}
{"comparison": "A-super_human-c6-b0", "games": 128, "target": 128, "wins": 63, "losses": 65, "draws": 0, "censored": 0, "observed_score": 0.4921875, "score_bounds": [0.4921875, 0.4921875], "score_ci": [0.3736645251086443, 0.6115952258256182], "batch_seconds": 47.62}
{"comparison": "A-super_human-c8-b0", "games": 32, "target": 128, "wins": 10, "losses": 22, "draws": 0, "censored": 0, "observed_score": 0.3125, "score_bounds": [0.3125, 0.3125], "score_ci": [0.125, 0.555956441652587], "batch_seconds": 53.97}
{"comparison": "A-super_human-c8-b0", "games": 64, "target": 128, "wins": 20, "losses": 44, "draws": 0, "censored": 0, "observed_score": 0.3125, "score_bounds": [0.3125, 0.3125], "score_ci": [0.17952541633610017, 0.48566678300954924], "batch_seconds": 43.51}
{"comparison": "A-super_human-c8-b0", "games": 96, "target": 128, "wins": 30, "losses": 66, "draws": 0, "censored": 0, "observed_score": 0.3125, "score_bounds": [0.3125, 0.3125], "score_ci": [0.19791666666666666, 0.4533307141589119], "batch_seconds": 46.7}
python -m tools.trainer_planning_arena --config /dev/shm/timing-contract/config-A-tf3090.json
{"comparison": "A-super_human-c8-b0", "games": 128, "target": 128, "wins": 43, "losses": 85, "draws": 0, "censored": 0, "observed_score": 0.3359375, "score_bounds": [0.3359375, 0.3359375], "score_ci": [0.23245240894463642, 0.4580023606748768], "batch_seconds": 51.84}
{"comparison": "A-top_humans-c5-b0", "games": 32, "target": 128, "wins": 16, "losses": 16, "draws": 0, "censored": 0, "observed_score": 0.5, "score_bounds": [0.5, 0.5], "score_ci": [0.27999563610326506, 0.720004363896735], "batch_seconds": 52.86}
{"comparison": "A-top_humans-c5-b0", "games": 64, "target": 128, "wins": 32, "losses": 32, "draws": 0, "censored": 0, "observed_score": 0.5, "score_bounds": [0.5, 0.5], "score_ci": [0.3363088286932788, 0.6636911713067212], "batch_seconds": 56.85}
{"comparison": "A-top_humans-c5-b0", "games": 96, "target": 128, "wins": 48, "losses": 48, "draws": 0, "censored": 0, "observed_score": 0.5, "score_bounds": [0.5, 0.5], "score_ci": [0.36389330502679734, 0.6361066949732026], "batch_seconds": 56.51}
{"comparison": "A-top_humans-c5-b0", "games": 128, "target": 128, "wins": 64, "losses": 64, "draws": 0, "censored": 0, "observed_score": 0.5, "score_bounds": [0.5, 0.5], "score_ci": [0.3810209474394732, 0.6189790525605268], "batch_seconds": 52.39}
{"comparison": "A-top_humans-c6-b0", "games": 32, "target": 128, "wins": 16, "losses": 16, "draws": 0, "censored": 0, "observed_score": 0.5, "score_bounds": [0.5, 0.5], "score_ci": [0.27999563610326506, 0.720004363896735], "batch_seconds": 52.41}
{"comparison": "A-top_humans-c6-b0", "games": 64, "target": 128, "wins": 32, "losses": 32, "draws": 0, "censored": 0, "observed_score": 0.5, "score_bounds": [0.5, 0.5], "score_ci": [0.3363088286932788, 0.6636911713067212], "batch_seconds": 56.38}
{"comparison": "A-top_humans-c6-b0", "games": 96, "target": 128, "wins": 48, "losses": 48, "draws": 0, "censored": 0, "observed_score": 0.5, "score_bounds": [0.5, 0.5], "score_ci": [0.36389330502679734, 0.6361066949732026], "batch_seconds": 56.62}
{"comparison": "A-top_humans-c6-b0", "games": 128, "target": 128, "wins": 64, "losses": 64, "draws": 0, "censored": 0, "observed_score": 0.5, "score_bounds": [0.5, 0.5], "score_ci": [0.3810209474394732, 0.6189790525605268], "batch_seconds": 52.44}
{"comparison": "A-top_humans-c8-b0", "games": 32, "target": 128, "wins": 14, "losses": 18, "draws": 0, "censored": 0, "observed_score": 0.4375, "score_bounds": [0.4375, 0.4375], "score_ci": [0.21875, 0.6682144360118757], "batch_seconds": 57.85}
{"comparison": "A-top_humans-c8-b0", "games": 64, "target": 128, "wins": 26, "losses": 38, "draws": 0, "censored": 0, "observed_score": 0.40625, "score_bounds": [0.40625, 0.40625], "score_ci": [0.25519634842665784, 0.5773997512461668], "batch_seconds": 55.25}
{"comparison": "A-top_humans-c8-b0", "games": 96, "target": 128, "wins": 39, "losses": 57, "draws": 0, "censored": 0, "observed_score": 0.40625, "score_bounds": [0.40625, 0.40625], "score_ci": [0.2793237345571957, 0.5470700397552006], "batch_seconds": 57.74}
{"comparison": "A-top_humans-c8-b0", "games": 128, "target": 128, "wins": 57, "losses": 71, "draws": 0, "censored": 0, "observed_score": 0.4453125, "score_bounds": [0.4453125, 0.4453125], "score_ci": [0.33010334989738344, 0.5667149066424543], "batch_seconds": 58.43}
{"comparison": "A-fast-c8-b0", "games": 32, "target": 128, "wins": 16, "losses": 16, "draws": 0, "censored": 0, "observed_score": 0.5, "score_bounds": [0.5, 0.5], "score_ci": [0.27999563610326506, 0.720004363896735], "batch_seconds": 59.84}
{"comparison": "A-fast-c8-b0", "games": 64, "target": 128, "wins": 32, "losses": 32, "draws": 0, "censored": 0, "observed_score": 0.5, "score_bounds": [0.5, 0.5], "score_ci": [0.3363088286932788, 0.6636911713067212], "batch_seconds": 53.43}
{"comparison": "A-fast-c8-b0", "games": 96, "target": 128, "wins": 48, "losses": 48, "draws": 0, "censored": 0, "observed_score": 0.5, "score_bounds": [0.5, 0.5], "score_ci": [0.36389330502679734, 0.6361066949732026], "batch_seconds": 59.03}
{"comparison": "A-fast-c8-b0", "games": 128, "target": 128, "wins": 64, "losses": 64, "draws": 0, "censored": 0, "observed_score": 0.5, "score_bounds": [0.5, 0.5], "score_ci": [0.3810209474394732, 0.6189790525605268], "batch_seconds": 57.46}
{"comparison": "A-normal-c8-b0", "games": 32, "target": 128, "wins": 16, "losses": 16, "draws": 0, "censored": 0, "observed_score": 0.5, "score_bounds": [0.5, 0.5], "score_ci": [0.27999563610326506, 0.720004363896735], "batch_seconds": 54.61}
{"comparison": "A-normal-c8-b0", "games": 64, "target": 128, "wins": 32, "losses": 32, "draws": 0, "censored": 0, "observed_score": 0.5, "score_bounds": [0.5, 0.5], "score_ci": [0.3363088286932788, 0.6636911713067212], "batch_seconds": 52.89}
{"comparison": "A-normal-c8-b0", "games": 96, "target": 128, "wins": 48, "losses": 48, "draws": 0, "censored": 0, "observed_score": 0.5, "score_bounds": [0.5, 0.5], "score_ci": [0.36389330502679734, 0.6361066949732026], "batch_seconds": 41.61}
{"comparison": "A-normal-c8-b0", "games": 128, "target": 128, "wins": 64, "losses": 64, "draws": 0, "censored": 0, "observed_score": 0.5, "score_bounds": [0.5, 0.5], "score_ci": [0.3810209474394732, 0.6189790525605268], "batch_seconds": 44.64}
{"comparison": "A-frame_perfect-c5-b1", "games": 32, "target": 256, "wins": 14, "losses": 16, "draws": 2, "censored": 0, "observed_score": 0.46875, "score_bounds": [0.46875, 0.46875], "score_ci": [0.2551426529923853, 0.6944578270410164], "batch_seconds": 90.31}
{"comparison": "A-frame_perfect-c5-b1", "games": 64, "target": 256, "wins": 27, "losses": 35, "draws": 2, "censored": 0, "observed_score": 0.4375, "score_bounds": [0.4375, 0.4375], "score_ci": [0.2816533111504073, 0.6067440886314757], "batch_seconds": 87.4}
{"comparison": "A-frame_perfect-c5-b1", "games": 96, "target": 256, "wins": 40, "losses": 54, "draws": 2, "censored": 0, "observed_score": 0.4270833333333333, "score_bounds": [0.4270833333333333, 0.4270833333333333], "score_ci": [0.29772650442934356, 0.5672464311469646], "batch_seconds": 79.2}
{"comparison": "A-frame_perfect-c5-b1", "games": 128, "target": 256, "wins": 56, "losses": 70, "draws": 2, "censored": 0, "observed_score": 0.4453125, "score_bounds": [0.4453125, 0.4453125], "score_ci": [0.33010334989738344, 0.5667149066424543], "batch_seconds": 71.01}
{"comparison": "A-frame_perfect-c5-b1", "games": 160, "target": 256, "wins": 72, "losses": 86, "draws": 2, "censored": 0, "observed_score": 0.45625, "score_bounds": [0.45625, 0.45625], "score_ci": [0.35162034689963007, 0.5648887394347282], "batch_seconds": 71.09}
{"comparison": "A-frame_perfect-c5-b1", "games": 192, "target": 256, "wins": 92, "losses": 98, "draws": 2, "censored": 0, "observed_score": 0.484375, "score_bounds": [0.484375, 0.484375], "score_ci": [0.3869462625199712, 0.5830060996005811], "batch_seconds": 82.11}
{"comparison": "A-frame_perfect-c5-b1", "games": 224, "target": 256, "wins": 109, "losses": 113, "draws": 2, "censored": 0, "observed_score": 0.49107142857142855, "score_bounds": [0.49107142857142855, 0.49107142857142855], "score_ci": [0.40033026234428326, 0.5824047617104834], "batch_seconds": 83.98}
{"comparison": "A-frame_perfect-c5-b1", "games": 256, "target": 256, "wins": 124, "losses": 130, "draws": 2, "censored": 0, "observed_score": 0.48828125, "score_bounds": [0.48828125, 0.48828125], "score_ci": [0.40329770644984964, 0.5739476909628107], "batch_seconds": 81.6}
{"comparison": "A-frame_perfect-c6-b1", "games": 32, "target": 256, "wins": 15, "losses": 17, "draws": 0, "censored": 0, "observed_score": 0.46875, "score_bounds": [0.46875, 0.46875], "score_ci": [0.25, 0.6944578270410164], "batch_seconds": 78.29}
{"comparison": "A-frame_perfect-c6-b1", "games": 64, "target": 256, "wins": 32, "losses": 32, "draws": 0, "censored": 0, "observed_score": 0.5, "score_bounds": [0.5, 0.5], "score_ci": [0.3363088286932788, 0.6636911713067212], "batch_seconds": 70.08}
{"comparison": "A-frame_perfect-c6-b1", "games": 96, "target": 256, "wins": 47, "losses": 49, "draws": 0, "censored": 0, "observed_score": 0.4895833333333333, "score_bounds": [0.4895833333333333, 0.4895833333333333], "score_ci": [0.3541666666666667, 0.6264345535646278], "batch_seconds": 76.95}
{"comparison": "A-frame_perfect-c6-b1", "games": 128, "target": 256, "wins": 63, "losses": 65, "draws": 0, "censored": 0, "observed_score": 0.4921875, "score_bounds": [0.4921875, 0.4921875], "score_ci": [0.3736645251086443, 0.6115952258256182], "batch_seconds": 79.9}
{"comparison": "A-frame_perfect-c6-b1", "games": 160, "target": 256, "wins": 84, "losses": 76, "draws": 0, "censored": 0, "observed_score": 0.525, "score_bounds": [0.525, 0.525], "score_ci": [0.4169564264973023, 0.6307526670259216], "batch_seconds": 78.1}
{"comparison": "A-frame_perfect-c6-b1", "games": 192, "target": 256, "wins": 98, "losses": 94, "draws": 0, "censored": 0, "observed_score": 0.5104166666666666, "score_bounds": [0.5104166666666666, 0.5104166666666666], "score_ci": [0.41196037089885734, 0.6080713876874411], "batch_seconds": 69.87}
{"comparison": "A-frame_perfect-c6-b1", "games": 224, "target": 256, "wins": 118, "losses": 106, "draws": 0, "censored": 0, "observed_score": 0.5267857142857143, "score_bounds": [0.5267857142857143, 0.5267857142857143], "score_ci": [0.43497258649212134, 0.6168223413435782], "batch_seconds": 78.58}
{"comparison": "A-frame_perfect-c6-b1", "games": 256, "target": 256, "wins": 133, "losses": 123, "draws": 0, "censored": 0, "observed_score": 0.51953125, "score_bounds": [0.51953125, 0.51953125], "score_ci": [0.4336776564244557, 0.6042466812211105], "batch_seconds": 80.81}
{"comparison": "A-frame_perfect-c8-b1", "games": 32, "target": 256, "wins": 11, "losses": 21, "draws": 0, "censored": 0, "observed_score": 0.34375, "score_bounds": [0.34375, 0.34375], "score_ci": [0.125, 0.5851653666152615], "batch_seconds": 79.35}
{"comparison": "A-frame_perfect-c8-b1", "games": 64, "target": 256, "wins": 26, "losses": 38, "draws": 0, "censored": 0, "observed_score": 0.40625, "score_bounds": [0.40625, 0.40625], "score_ci": [0.25, 0.5773997512461668], "batch_seconds": 75.26}
{"comparison": "A-frame_perfect-c8-b1", "games": 96, "target": 256, "wins": 34, "losses": 62, "draws": 0, "censored": 0, "observed_score": 0.3541666666666667, "score_bounds": [0.3541666666666667, 0.3541666666666667], "score_ci": [0.23433644125605135, 0.4956094298965652], "batch_seconds": 79.29}
{"comparison": "A-frame_perfect-c8-b1", "games": 128, "target": 256, "wins": 51, "losses": 77, "draws": 0, "censored": 0, "observed_score": 0.3984375, "score_bounds": [0.3984375, 0.3984375], "score_ci": [0.28754784899930474, 0.5208289131461082], "batch_seconds": 79.45}
{"comparison": "A-frame_perfect-c8-b1", "games": 160, "target": 256, "wins": 62, "losses": 98, "draws": 0, "censored": 0, "observed_score": 0.3875, "score_bounds": [0.3875, 0.3875], "score_ci": [0.2882456512530531, 0.49706342789243985], "batch_seconds": 69.21}
{"comparison": "A-frame_perfect-c8-b1", "games": 192, "target": 256, "wins": 78, "losses": 114, "draws": 0, "censored": 0, "observed_score": 0.40625, "score_bounds": [0.40625, 0.40625], "score_ci": [0.31345302166501904, 0.5062611510582946], "batch_seconds": 71.44}
{"comparison": "A-frame_perfect-c8-b1", "games": 224, "target": 256, "wins": 85, "losses": 139, "draws": 0, "censored": 0, "observed_score": 0.3794642857142857, "score_bounds": [0.3794642857142857, 0.3794642857142857], "score_ci": [0.29500511088845416, 0.47191771385089787], "batch_seconds": 79.41}
{"comparison": "A-frame_perfect-c8-b1", "games": 256, "target": 256, "wins": 99, "losses": 157, "draws": 0, "censored": 0, "observed_score": 0.38671875, "score_bounds": [0.38671875, 0.38671875], "score_ci": [0.3068254944926246, 0.4732133471630919], "batch_seconds": 89.13}
{"comparison": "A-super_human-c5-b1", "games": 32, "target": 256, "wins": 17, "losses": 15, "draws": 0, "censored": 0, "observed_score": 0.53125, "score_bounds": [0.53125, 0.53125], "score_ci": [0.3055421729589836, 0.75], "batch_seconds": 59.04}
{"comparison": "A-super_human-c5-b1", "games": 64, "target": 256, "wins": 32, "losses": 32, "draws": 0, "censored": 0, "observed_score": 0.5, "score_bounds": [0.5, 0.5], "score_ci": [0.3363088286932788, 0.6636911713067212], "batch_seconds": 58.24}
{"comparison": "A-super_human-c5-b1", "games": 96, "target": 256, "wins": 45, "losses": 51, "draws": 0, "censored": 0, "observed_score": 0.46875, "score_bounds": [0.46875, 0.46875], "score_ci": [0.33520529213743105, 0.606925965966701], "batch_seconds": 54.97}
{"comparison": "A-super_human-c5-b1", "games": 128, "target": 256, "wins": 59, "losses": 69, "draws": 0, "censored": 0, "observed_score": 0.4609375, "score_bounds": [0.4609375, 0.4609375], "score_ci": [0.3445133545975162, 0.5817854000737965], "batch_seconds": 61.64}
{"comparison": "A-super_human-c5-b1", "games": 160, "target": 256, "wins": 66, "losses": 94, "draws": 0, "censored": 0, "observed_score": 0.4125, "score_bounds": [0.4125, 0.4125], "score_ci": [0.31105857612762133, 0.5219595965410954], "batch_seconds": 58.58}
{"comparison": "A-super_human-c5-b1", "games": 192, "target": 256, "wins": 79, "losses": 113, "draws": 0, "censored": 0, "observed_score": 0.4114583333333333, "score_bounds": [0.4114583333333333, 0.4114583333333333], "score_ci": [0.3182789593518912, 0.5114510926645717], "batch_seconds": 55.83}
{"comparison": "A-super_human-c5-b1", "games": 224, "target": 256, "wins": 96, "losses": 128, "draws": 0, "censored": 0, "observed_score": 0.42857142857142855, "score_bounds": [0.42857142857142855, 0.42857142857142855], "score_ci": [0.3407915698478581, 0.5210886225902763], "batch_seconds": 59.95}
{"comparison": "A-super_human-c5-b1", "games": 256, "target": 256, "wins": 110, "losses": 146, "draws": 0, "censored": 0, "observed_score": 0.4296875, "score_bounds": [0.4296875, 0.4296875], "score_ci": [0.34721171332636835, 0.5162606711495936], "batch_seconds": 63.72}
{"comparison": "A-super_human-c6-b1", "games": 32, "target": 256, "wins": 15, "losses": 17, "draws": 0, "censored": 0, "observed_score": 0.46875, "score_bounds": [0.46875, 0.46875], "score_ci": [0.25, 0.6944578270410164], "batch_seconds": 55.18}
{"comparison": "A-super_human-c6-b1", "games": 64, "target": 256, "wins": 24, "losses": 40, "draws": 0, "censored": 0, "observed_score": 0.375, "score_bounds": [0.375, 0.375], "score_ci": [0.2293388730945454, 0.5474559264692209], "batch_seconds": 55.48}
{"comparison": "A-super_human-c6-b1", "games": 96, "target": 256, "wins": 39, "losses": 57, "draws": 0, "censored": 0, "observed_score": 0.40625, "score_bounds": [0.40625, 0.40625], "score_ci": [0.2793237345571957, 0.5470700397552006], "batch_seconds": 53.78}
{"comparison": "A-super_human-c6-b1", "games": 128, "target": 256, "wins": 49, "losses": 79, "draws": 0, "censored": 0, "observed_score": 0.3828125, "score_bounds": [0.3828125, 0.3828125], "score_ci": [0.2735929058213721, 0.505303358192566], "batch_seconds": 56.44}
{"comparison": "A-super_human-c6-b1", "games": 160, "target": 256, "wins": 62, "losses": 98, "draws": 0, "censored": 0, "observed_score": 0.3875, "score_bounds": [0.3875, 0.3875], "score_ci": [0.2882456512530531, 0.49706342789243985], "batch_seconds": 55.64}
{"comparison": "A-super_human-c6-b1", "games": 192, "target": 256, "wins": 76, "losses": 116, "draws": 0, "censored": 0, "observed_score": 0.3958333333333333, "score_bounds": [0.3958333333333333, 0.3958333333333333], "score_ci": [0.30383353462051255, 0.4958488795165027], "batch_seconds": 57.65}
{"comparison": "A-super_human-c6-b1", "games": 224, "target": 256, "wins": 89, "losses": 135, "draws": 0, "censored": 0, "observed_score": 0.39732142857142855, "score_bounds": [0.39732142857142855, 0.39732142857142855], "score_ci": [0.31155063984393827, 0.48990213678588], "batch_seconds": 57.04}
{"comparison": "A-super_human-c6-b1", "games": 256, "target": 256, "wins": 104, "losses": 152, "draws": 0, "censored": 0, "observed_score": 0.40625, "score_bounds": [0.40625, 0.40625], "score_ci": [0.3251030219432192, 0.4928601573580634], "batch_seconds": 47.76}
{"comparison": "A-super_human-c8-b1", "games": 32, "target": 256, "wins": 16, "losses": 16, "draws": 0, "censored": 0, "observed_score": 0.5, "score_bounds": [0.5, 0.5], "score_ci": [0.27999563610326506, 0.720004363896735], "batch_seconds": 60.23}
{"comparison": "A-super_human-c8-b1", "games": 64, "target": 256, "wins": 27, "losses": 37, "draws": 0, "censored": 0, "observed_score": 0.421875, "score_bounds": [0.421875, 0.421875], "score_ci": [0.26835105228189604, 0.5921456974454579], "batch_seconds": 59.68}
{"comparison": "A-super_human-c8-b1", "games": 96, "target": 256, "wins": 38, "losses": 58, "draws": 0, "censored": 0, "observed_score": 0.3958333333333333, "score_bounds": [0.3958333333333333, 0.3958333333333333], "score_ci": [0.2702082786059167, 0.5368959150745236], "batch_seconds": 57.29}
{"comparison": "A-super_human-c8-b1", "games": 128, "target": 256, "wins": 55, "losses": 73, "draws": 0, "censored": 0, "observed_score": 0.4296875, "score_bounds": [0.4296875, 0.4296875], "score_ci": [0.3158048660225742, 0.5515328923857886], "batch_seconds": 55.6}
{"comparison": "A-super_human-c8-b1", "games": 160, "target": 256, "wins": 61, "losses": 99, "draws": 0, "censored": 0, "observed_score": 0.38125, "score_bounds": [0.38125, 0.38125], "score_ci": [0.2825850500652325, 0.49079675569945447], "batch_seconds": 59.2}
{"comparison": "A-super_human-c8-b1", "games": 192, "target": 256, "wins": 72, "losses": 120, "draws": 0, "censored": 0, "observed_score": 0.375, "score_bounds": [0.375, 0.375], "score_ci": [0.2847260813834085, 0.4748928155810098], "batch_seconds": 51.83}
{"comparison": "A-super_human-c8-b1", "games": 224, "target": 256, "wins": 88, "losses": 136, "draws": 0, "censored": 0, "observed_score": 0.39285714285714285, "score_bounds": [0.39285714285714285, 0.39285714285714285], "score_ci": [0.30740294317550926, 0.4854173454816925], "batch_seconds": 60.71}
{"comparison": "A-super_human-c8-b1", "games": 256, "target": 256, "wins": 101, "losses": 155, "draws": 0, "censored": 0, "observed_score": 0.39453125, "score_bounds": [0.39453125, 0.39453125], "score_ci": [0.3141203191239007, 0.48108825759004226], "batch_seconds": 51.95}
{"comparison": "A-top_humans-c5-b1", "games": 32, "target": 256, "wins": 16, "losses": 16, "draws": 0, "censored": 0, "observed_score": 0.5, "score_bounds": [0.5, 0.5], "score_ci": [0.27999563610326506, 0.720004363896735], "batch_seconds": 55.47}
{"comparison": "A-top_humans-c5-b1", "games": 64, "target": 256, "wins": 32, "losses": 32, "draws": 0, "censored": 0, "observed_score": 0.5, "score_bounds": [0.5, 0.5], "score_ci": [0.3363088286932788, 0.6636911713067212], "batch_seconds": 52.51}
{"comparison": "A-top_humans-c5-b1", "games": 96, "target": 256, "wins": 48, "losses": 48, "draws": 0, "censored": 0, "observed_score": 0.5, "score_bounds": [0.5, 0.5], "score_ci": [0.36389330502679734, 0.6361066949732026], "batch_seconds": 62.67}
{"comparison": "A-top_humans-c5-b1", "games": 128, "target": 256, "wins": 64, "losses": 64, "draws": 0, "censored": 0, "observed_score": 0.5, "score_bounds": [0.5, 0.5], "score_ci": [0.3810209474394732, 0.6189790525605268], "batch_seconds": 63.78}
{"comparison": "A-top_humans-c5-b1", "games": 160, "target": 256, "wins": 80, "losses": 80, "draws": 0, "censored": 0, "observed_score": 0.5, "score_bounds": [0.5, 0.5], "score_ci": [0.3929741508612, 0.6070258491388], "batch_seconds": 62.98}
{"comparison": "A-top_humans-c5-b1", "games": 192, "target": 256, "wins": 96, "losses": 96, "draws": 0, "censored": 0, "observed_score": 0.5, "score_bounds": [0.5, 0.5], "score_ci": [0.4019240245298656, 0.5980759754701345], "batch_seconds": 52.06}
{"comparison": "A-top_humans-c5-b1", "games": 224, "target": 256, "wins": 112, "losses": 112, "draws": 0, "censored": 0, "observed_score": 0.5, "score_bounds": [0.5, 0.5], "score_ci": [0.40894871353607615, 0.5910512864639239], "batch_seconds": 56.91}
{"comparison": "A-top_humans-c5-b1", "games": 256, "target": 256, "wins": 128, "losses": 128, "draws": 0, "censored": 0, "observed_score": 0.5, "score_bounds": [0.5, 0.5], "score_ci": [0.4146522462605095, 0.5853477537394906], "batch_seconds": 65.69}
{"comparison": "A-top_humans-c6-b1", "games": 32, "target": 256, "wins": 16, "losses": 16, "draws": 0, "censored": 0, "observed_score": 0.5, "score_bounds": [0.5, 0.5], "score_ci": [0.27999563610326506, 0.720004363896735], "batch_seconds": 54.79}
{"comparison": "A-top_humans-c6-b1", "games": 64, "target": 256, "wins": 32, "losses": 32, "draws": 0, "censored": 0, "observed_score": 0.5, "score_bounds": [0.5, 0.5], "score_ci": [0.3363088286932788, 0.6636911713067212], "batch_seconds": 52.46}
{"comparison": "A-top_humans-c6-b1", "games": 96, "target": 256, "wins": 48, "losses": 48, "draws": 0, "censored": 0, "observed_score": 0.5, "score_bounds": [0.5, 0.5], "score_ci": [0.36389330502679734, 0.6361066949732026], "batch_seconds": 62.14}
{"comparison": "A-top_humans-c6-b1", "games": 128, "target": 256, "wins": 64, "losses": 64, "draws": 0, "censored": 0, "observed_score": 0.5, "score_bounds": [0.5, 0.5], "score_ci": [0.3810209474394732, 0.6189790525605268], "batch_seconds": 64.02}
{"comparison": "A-top_humans-c6-b1", "games": 160, "target": 256, "wins": 80, "losses": 80, "draws": 0, "censored": 0, "observed_score": 0.5, "score_bounds": [0.5, 0.5], "score_ci": [0.3929741508612, 0.6070258491388], "batch_seconds": 64.53}
{"comparison": "A-top_humans-c6-b1", "games": 192, "target": 256, "wins": 96, "losses": 96, "draws": 0, "censored": 0, "observed_score": 0.5, "score_bounds": [0.5, 0.5], "score_ci": [0.4019240245298656, 0.5980759754701345], "batch_seconds": 54.92}
{"comparison": "A-top_humans-c6-b1", "games": 224, "target": 256, "wins": 112, "losses": 112, "draws": 0, "censored": 0, "observed_score": 0.5, "score_bounds": [0.5, 0.5], "score_ci": [0.40894871353607615, 0.5910512864639239], "batch_seconds": 58.71}
{"comparison": "A-top_humans-c6-b1", "games": 256, "target": 256, "wins": 128, "losses": 128, "draws": 0, "censored": 0, "observed_score": 0.5, "score_bounds": [0.5, 0.5], "score_ci": [0.4146522462605095, 0.5853477537394906], "batch_seconds": 66.56}
{"comparison": "A-top_humans-c8-b1", "games": 32, "target": 256, "wins": 15, "losses": 17, "draws": 0, "censored": 0, "observed_score": 0.46875, "score_bounds": [0.46875, 0.46875], "score_ci": [0.25, 0.6944578270410164], "batch_seconds": 68.09}
{"comparison": "A-top_humans-c8-b1", "games": 64, "target": 256, "wins": 27, "losses": 37, "draws": 0, "censored": 0, "observed_score": 0.421875, "score_bounds": [0.421875, 0.421875], "score_ci": [0.265625, 0.5921456974454579], "batch_seconds": 54.16}
{"comparison": "A-top_humans-c8-b1", "games": 96, "target": 256, "wins": 38, "losses": 58, "draws": 0, "censored": 0, "observed_score": 0.3958333333333333, "score_bounds": [0.3958333333333333, 0.3958333333333333], "score_ci": [0.2702082786059167, 0.5368959150745236], "batch_seconds": 60.13}
{"comparison": "A-top_humans-c8-b1", "games": 128, "target": 256, "wins": 50, "losses": 78, "draws": 0, "censored": 0, "observed_score": 0.390625, "score_bounds": [0.390625, 0.390625], "score_ci": [0.2805556918824035, 0.513080821197272], "batch_seconds": 63.46}
{"comparison": "A-top_humans-c8-b1", "games": 160, "target": 256, "wins": 60, "losses": 100, "draws": 0, "censored": 0, "observed_score": 0.375, "score_bounds": [0.375, 0.375], "score_ci": [0.27694178701531413, 0.4845127453685669], "batch_seconds": 71.69}
{"comparison": "A-top_humans-c8-b1", "games": 192, "target": 256, "wins": 73, "losses": 119, "draws": 0, "censored": 0, "observed_score": 0.3802083333333333, "score_bounds": [0.3802083333333333, 0.3802083333333333], "score_ci": [0.28948631242510325, 0.48014846383246423], "batch_seconds": 61.94}
{"comparison": "A-top_humans-c8-b1", "games": 224, "target": 256, "wins": 89, "losses": 135, "draws": 0, "censored": 0, "observed_score": 0.39732142857142855, "score_bounds": [0.39732142857142855, 0.39732142857142855], "score_ci": [0.31155063984393827, 0.48990213678588], "batch_seconds": 67.06}
{"comparison": "A-top_humans-c8-b1", "games": 256, "target": 256, "wins": 102, "losses": 154, "draws": 0, "censored": 0, "observed_score": 0.3984375, "score_bounds": [0.3984375, 0.3984375], "score_ci": [0.3177758511189873, 0.4850175931240689], "batch_seconds": 61.85}
